Archive member included because of file (symbol)

c:/program files (x86)/atmel/atmel toolchain/avr8 gcc/native/3.4.1056/avr8-gnu-toolchain/bin/../lib/gcc/avr/4.8.1/avr25\libgcc.a(_exit.o)
                              c:/program files (x86)/atmel/atmel toolchain/avr8 gcc/native/3.4.1056/avr8-gnu-toolchain/bin/../lib/gcc/avr/4.8.1/../../../../avr/lib/avr25/crttn84.o (exit)
c:/program files (x86)/atmel/atmel toolchain/avr8 gcc/native/3.4.1056/avr8-gnu-toolchain/bin/../lib/gcc/avr/4.8.1/avr25\libgcc.a(_copy_data.o)
                              SoftwareSerial.o (__do_copy_data)
c:/program files (x86)/atmel/atmel toolchain/avr8 gcc/native/3.4.1056/avr8-gnu-toolchain/bin/../lib/gcc/avr/4.8.1/avr25\libgcc.a(_clear_bss.o)
                              m90e26.o (__do_clear_bss)
c:/program files (x86)/atmel/atmel toolchain/avr8 gcc/native/3.4.1056/avr8-gnu-toolchain/bin/../lib/gcc/avr/4.8.1/avr25\libgcc.a(_adddi3_s8.o)
                              millis.o (__adddi3_s8)
c:/program files (x86)/atmel/atmel toolchain/avr8 gcc/native/3.4.1056/avr8-gnu-toolchain/bin/../lib/gcc/avr/4.8.1/avr25\libgcc.a(_subdi3.o)
                              m90e26.o (__subdi3)
c:/program files (x86)/atmel/atmel toolchain/avr8 gcc/native/3.4.1056/avr8-gnu-toolchain/bin/../lib/gcc/avr/4.8.1/avr25\libgcc.a(_cmpdi2_s8.o)
                              m90e26.o (__cmpdi2_s8)
c:/program files (x86)/atmel/atmel toolchain/avr8 gcc/native/3.4.1056/avr8-gnu-toolchain/bin/../lib/gcc/avr/4.8.1/../../../../avr/lib/avr25\libc.a(eerd_byte_attiny84a.o)
                              main.o (__eerd_byte_tn84a)
c:/program files (x86)/atmel/atmel toolchain/avr8 gcc/native/3.4.1056/avr8-gnu-toolchain/bin/../lib/gcc/avr/4.8.1/../../../../avr/lib/avr25\libc.a(eewr_byte_attiny84a.o)
                              osc_calibration.o (__eewr_byte_tn84a)

Allocating common symbols
Common symbol       size              file

modbus_write_reg    0x2               main.o
m90e26_SerialRead   0x2               m90e26.o
m90e26_serial_port  0x2               m90e26.o
modbus_read_reg     0x2               main.o
m90e26_write_errors
                    0x2               m90e26.o
modbus_error_count  0x1               main.o
ds18b20_cfg         0x2               main.o
modbus_SerialWrite  0x2               main.o
m90e26_SerialWrite  0x2               m90e26.o
serial_0            0x2               m90e26.o
function            0x1               tiny_modbus_rtu_slave.o
start_time          0x8               m90e26.o
interruptTime       0x2               SoftwareSerial.o
pWidth              0x2               SoftwareSerial.o
modbus_led          0x2               main.o
osc_calibration_serial_port
                    0x2               main.o
relay_r2_reg        0x2               main.o
modbus_serial_port  0x2               main.o
calibTimeReading    0x1               SoftwareSerial.o
broadcastFlag       0x1               tiny_modbus_rtu_slave.o
frame               0x12              tiny_modbus_rtu_slave.o
m90e26_read_errors  0x2               m90e26.o
calibTimeReady      0x1               SoftwareSerial.o
osc_calibration_SerialWrite
                    0x2               main.o
m90e26_frame        0x6               m90e26.o
relay_r1_reg        0x2               main.o
serial_1            0x2               m90e26.o
slaveID             0x1               main.o
osc_calibration_toggle_led
                    0x2               main.o
modbus_crc_errors   0x2               main.o
FLAG                0x1               m90e26.o

Discarded input sections

 .bss           0x00000000        0x0 c:/program files (x86)/atmel/atmel toolchain/avr8 gcc/native/3.4.1056/avr8-gnu-toolchain/bin/../lib/gcc/avr/4.8.1/../../../../avr/lib/avr25/crttn84.o
 .text          0x00000000        0x0 m90e26.o
 .bss           0x00000000        0x0 m90e26.o
 .bss.m90e26_overflow
                0x00000000        0x1 m90e26.o
 .bss.m90e26_buffer
                0x00000000        0x1 m90e26.o
 .text          0x00000000        0x0 main.o
 .bss           0x00000000        0x0 main.o
 .text          0x00000000        0x0 millis.o
 .bss           0x00000000        0x0 millis.o
 .text          0x00000000        0x0 one_wire.o
 .bss           0x00000000        0x0 one_wire.o
 .text          0x00000000        0x0 osc_calibration.o
 .bss           0x00000000        0x0 osc_calibration.o
 .text          0x00000000        0x0 SoftwareSerial.o
 .bss           0x00000000        0x0 SoftwareSerial.o
 .text.softSerialOverflow
                0x00000000       0x14 SoftwareSerial.o
 .text.softSerialFlush
                0x00000000        0xe SoftwareSerial.o
 .text.softSerialPeek
                0x00000000       0x1c SoftwareSerial.o
 .text.isCalibDataReady
                0x00000000        0xe SoftwareSerial.o
 .text.getImpulsWidth
                0x00000000        0xe SoftwareSerial.o
 .rodata.XMIT_START_ADJUSTMENT
                0x00000000        0x2 SoftwareSerial.o
 .text          0x00000000        0x0 tiny_modbus_rtu_slave.o
 .bss           0x00000000        0x0 tiny_modbus_rtu_slave.o
 .text          0x00000000        0x0 c:/program files (x86)/atmel/atmel toolchain/avr8 gcc/native/3.4.1056/avr8-gnu-toolchain/bin/../lib/gcc/avr/4.8.1/avr25\libgcc.a(_exit.o)
 .bss           0x00000000        0x0 c:/program files (x86)/atmel/atmel toolchain/avr8 gcc/native/3.4.1056/avr8-gnu-toolchain/bin/../lib/gcc/avr/4.8.1/avr25\libgcc.a(_exit.o)
 .text.libgcc.mul
                0x00000000        0x0 c:/program files (x86)/atmel/atmel toolchain/avr8 gcc/native/3.4.1056/avr8-gnu-toolchain/bin/../lib/gcc/avr/4.8.1/avr25\libgcc.a(_exit.o)
 .text.libgcc.div
                0x00000000        0x0 c:/program files (x86)/atmel/atmel toolchain/avr8 gcc/native/3.4.1056/avr8-gnu-toolchain/bin/../lib/gcc/avr/4.8.1/avr25\libgcc.a(_exit.o)
 .text.libgcc   0x00000000        0x0 c:/program files (x86)/atmel/atmel toolchain/avr8 gcc/native/3.4.1056/avr8-gnu-toolchain/bin/../lib/gcc/avr/4.8.1/avr25\libgcc.a(_exit.o)
 .text.libgcc.prologue
                0x00000000        0x0 c:/program files (x86)/atmel/atmel toolchain/avr8 gcc/native/3.4.1056/avr8-gnu-toolchain/bin/../lib/gcc/avr/4.8.1/avr25\libgcc.a(_exit.o)
 .text.libgcc.builtins
                0x00000000        0x0 c:/program files (x86)/atmel/atmel toolchain/avr8 gcc/native/3.4.1056/avr8-gnu-toolchain/bin/../lib/gcc/avr/4.8.1/avr25\libgcc.a(_exit.o)
 .text.libgcc.fmul
                0x00000000        0x0 c:/program files (x86)/atmel/atmel toolchain/avr8 gcc/native/3.4.1056/avr8-gnu-toolchain/bin/../lib/gcc/avr/4.8.1/avr25\libgcc.a(_exit.o)
 .text.libgcc.fixed
                0x00000000        0x0 c:/program files (x86)/atmel/atmel toolchain/avr8 gcc/native/3.4.1056/avr8-gnu-toolchain/bin/../lib/gcc/avr/4.8.1/avr25\libgcc.a(_exit.o)
 .text          0x00000000        0x0 c:/program files (x86)/atmel/atmel toolchain/avr8 gcc/native/3.4.1056/avr8-gnu-toolchain/bin/../lib/gcc/avr/4.8.1/avr25\libgcc.a(_copy_data.o)
 .bss           0x00000000        0x0 c:/program files (x86)/atmel/atmel toolchain/avr8 gcc/native/3.4.1056/avr8-gnu-toolchain/bin/../lib/gcc/avr/4.8.1/avr25\libgcc.a(_copy_data.o)
 .text.libgcc.mul
                0x00000000        0x0 c:/program files (x86)/atmel/atmel toolchain/avr8 gcc/native/3.4.1056/avr8-gnu-toolchain/bin/../lib/gcc/avr/4.8.1/avr25\libgcc.a(_copy_data.o)
 .text.libgcc.div
                0x00000000        0x0 c:/program files (x86)/atmel/atmel toolchain/avr8 gcc/native/3.4.1056/avr8-gnu-toolchain/bin/../lib/gcc/avr/4.8.1/avr25\libgcc.a(_copy_data.o)
 .text.libgcc   0x00000000        0x0 c:/program files (x86)/atmel/atmel toolchain/avr8 gcc/native/3.4.1056/avr8-gnu-toolchain/bin/../lib/gcc/avr/4.8.1/avr25\libgcc.a(_copy_data.o)
 .text.libgcc.prologue
                0x00000000        0x0 c:/program files (x86)/atmel/atmel toolchain/avr8 gcc/native/3.4.1056/avr8-gnu-toolchain/bin/../lib/gcc/avr/4.8.1/avr25\libgcc.a(_copy_data.o)
 .text.libgcc.builtins
                0x00000000        0x0 c:/program files (x86)/atmel/atmel toolchain/avr8 gcc/native/3.4.1056/avr8-gnu-toolchain/bin/../lib/gcc/avr/4.8.1/avr25\libgcc.a(_copy_data.o)
 .text.libgcc.fmul
                0x00000000        0x0 c:/program files (x86)/atmel/atmel toolchain/avr8 gcc/native/3.4.1056/avr8-gnu-toolchain/bin/../lib/gcc/avr/4.8.1/avr25\libgcc.a(_copy_data.o)
 .text.libgcc.fixed
                0x00000000        0x0 c:/program files (x86)/atmel/atmel toolchain/avr8 gcc/native/3.4.1056/avr8-gnu-toolchain/bin/../lib/gcc/avr/4.8.1/avr25\libgcc.a(_copy_data.o)
 .text          0x00000000        0x0 c:/program files (x86)/atmel/atmel toolchain/avr8 gcc/native/3.4.1056/avr8-gnu-toolchain/bin/../lib/gcc/avr/4.8.1/avr25\libgcc.a(_clear_bss.o)
 .bss           0x00000000        0x0 c:/program files (x86)/atmel/atmel toolchain/avr8 gcc/native/3.4.1056/avr8-gnu-toolchain/bin/../lib/gcc/avr/4.8.1/avr25\libgcc.a(_clear_bss.o)
 .text.libgcc.mul
                0x00000000        0x0 c:/program files (x86)/atmel/atmel toolchain/avr8 gcc/native/3.4.1056/avr8-gnu-toolchain/bin/../lib/gcc/avr/4.8.1/avr25\libgcc.a(_clear_bss.o)
 .text.libgcc.div
                0x00000000        0x0 c:/program files (x86)/atmel/atmel toolchain/avr8 gcc/native/3.4.1056/avr8-gnu-toolchain/bin/../lib/gcc/avr/4.8.1/avr25\libgcc.a(_clear_bss.o)
 .text.libgcc   0x00000000        0x0 c:/program files (x86)/atmel/atmel toolchain/avr8 gcc/native/3.4.1056/avr8-gnu-toolchain/bin/../lib/gcc/avr/4.8.1/avr25\libgcc.a(_clear_bss.o)
 .text.libgcc.prologue
                0x00000000        0x0 c:/program files (x86)/atmel/atmel toolchain/avr8 gcc/native/3.4.1056/avr8-gnu-toolchain/bin/../lib/gcc/avr/4.8.1/avr25\libgcc.a(_clear_bss.o)
 .text.libgcc.builtins
                0x00000000        0x0 c:/program files (x86)/atmel/atmel toolchain/avr8 gcc/native/3.4.1056/avr8-gnu-toolchain/bin/../lib/gcc/avr/4.8.1/avr25\libgcc.a(_clear_bss.o)
 .text.libgcc.fmul
                0x00000000        0x0 c:/program files (x86)/atmel/atmel toolchain/avr8 gcc/native/3.4.1056/avr8-gnu-toolchain/bin/../lib/gcc/avr/4.8.1/avr25\libgcc.a(_clear_bss.o)
 .text.libgcc.fixed
                0x00000000        0x0 c:/program files (x86)/atmel/atmel toolchain/avr8 gcc/native/3.4.1056/avr8-gnu-toolchain/bin/../lib/gcc/avr/4.8.1/avr25\libgcc.a(_clear_bss.o)
 .text          0x00000000        0x0 c:/program files (x86)/atmel/atmel toolchain/avr8 gcc/native/3.4.1056/avr8-gnu-toolchain/bin/../lib/gcc/avr/4.8.1/avr25\libgcc.a(_adddi3_s8.o)
 .bss           0x00000000        0x0 c:/program files (x86)/atmel/atmel toolchain/avr8 gcc/native/3.4.1056/avr8-gnu-toolchain/bin/../lib/gcc/avr/4.8.1/avr25\libgcc.a(_adddi3_s8.o)
 .text.libgcc.mul
                0x00000000        0x0 c:/program files (x86)/atmel/atmel toolchain/avr8 gcc/native/3.4.1056/avr8-gnu-toolchain/bin/../lib/gcc/avr/4.8.1/avr25\libgcc.a(_adddi3_s8.o)
 .text.libgcc.div
                0x00000000        0x0 c:/program files (x86)/atmel/atmel toolchain/avr8 gcc/native/3.4.1056/avr8-gnu-toolchain/bin/../lib/gcc/avr/4.8.1/avr25\libgcc.a(_adddi3_s8.o)
 .text.libgcc.prologue
                0x00000000        0x0 c:/program files (x86)/atmel/atmel toolchain/avr8 gcc/native/3.4.1056/avr8-gnu-toolchain/bin/../lib/gcc/avr/4.8.1/avr25\libgcc.a(_adddi3_s8.o)
 .text.libgcc.builtins
                0x00000000        0x0 c:/program files (x86)/atmel/atmel toolchain/avr8 gcc/native/3.4.1056/avr8-gnu-toolchain/bin/../lib/gcc/avr/4.8.1/avr25\libgcc.a(_adddi3_s8.o)
 .text.libgcc.fmul
                0x00000000        0x0 c:/program files (x86)/atmel/atmel toolchain/avr8 gcc/native/3.4.1056/avr8-gnu-toolchain/bin/../lib/gcc/avr/4.8.1/avr25\libgcc.a(_adddi3_s8.o)
 .text.libgcc.fixed
                0x00000000        0x0 c:/program files (x86)/atmel/atmel toolchain/avr8 gcc/native/3.4.1056/avr8-gnu-toolchain/bin/../lib/gcc/avr/4.8.1/avr25\libgcc.a(_adddi3_s8.o)
 .text          0x00000000        0x0 c:/program files (x86)/atmel/atmel toolchain/avr8 gcc/native/3.4.1056/avr8-gnu-toolchain/bin/../lib/gcc/avr/4.8.1/avr25\libgcc.a(_subdi3.o)
 .bss           0x00000000        0x0 c:/program files (x86)/atmel/atmel toolchain/avr8 gcc/native/3.4.1056/avr8-gnu-toolchain/bin/../lib/gcc/avr/4.8.1/avr25\libgcc.a(_subdi3.o)
 .text.libgcc.mul
                0x00000000        0x0 c:/program files (x86)/atmel/atmel toolchain/avr8 gcc/native/3.4.1056/avr8-gnu-toolchain/bin/../lib/gcc/avr/4.8.1/avr25\libgcc.a(_subdi3.o)
 .text.libgcc.div
                0x00000000        0x0 c:/program files (x86)/atmel/atmel toolchain/avr8 gcc/native/3.4.1056/avr8-gnu-toolchain/bin/../lib/gcc/avr/4.8.1/avr25\libgcc.a(_subdi3.o)
 .text.libgcc.prologue
                0x00000000        0x0 c:/program files (x86)/atmel/atmel toolchain/avr8 gcc/native/3.4.1056/avr8-gnu-toolchain/bin/../lib/gcc/avr/4.8.1/avr25\libgcc.a(_subdi3.o)
 .text.libgcc.builtins
                0x00000000        0x0 c:/program files (x86)/atmel/atmel toolchain/avr8 gcc/native/3.4.1056/avr8-gnu-toolchain/bin/../lib/gcc/avr/4.8.1/avr25\libgcc.a(_subdi3.o)
 .text.libgcc.fmul
                0x00000000        0x0 c:/program files (x86)/atmel/atmel toolchain/avr8 gcc/native/3.4.1056/avr8-gnu-toolchain/bin/../lib/gcc/avr/4.8.1/avr25\libgcc.a(_subdi3.o)
 .text.libgcc.fixed
                0x00000000        0x0 c:/program files (x86)/atmel/atmel toolchain/avr8 gcc/native/3.4.1056/avr8-gnu-toolchain/bin/../lib/gcc/avr/4.8.1/avr25\libgcc.a(_subdi3.o)
 .text          0x00000000        0x0 c:/program files (x86)/atmel/atmel toolchain/avr8 gcc/native/3.4.1056/avr8-gnu-toolchain/bin/../lib/gcc/avr/4.8.1/avr25\libgcc.a(_cmpdi2_s8.o)
 .bss           0x00000000        0x0 c:/program files (x86)/atmel/atmel toolchain/avr8 gcc/native/3.4.1056/avr8-gnu-toolchain/bin/../lib/gcc/avr/4.8.1/avr25\libgcc.a(_cmpdi2_s8.o)
 .text.libgcc.mul
                0x00000000        0x0 c:/program files (x86)/atmel/atmel toolchain/avr8 gcc/native/3.4.1056/avr8-gnu-toolchain/bin/../lib/gcc/avr/4.8.1/avr25\libgcc.a(_cmpdi2_s8.o)
 .text.libgcc.div
                0x00000000        0x0 c:/program files (x86)/atmel/atmel toolchain/avr8 gcc/native/3.4.1056/avr8-gnu-toolchain/bin/../lib/gcc/avr/4.8.1/avr25\libgcc.a(_cmpdi2_s8.o)
 .text.libgcc.prologue
                0x00000000        0x0 c:/program files (x86)/atmel/atmel toolchain/avr8 gcc/native/3.4.1056/avr8-gnu-toolchain/bin/../lib/gcc/avr/4.8.1/avr25\libgcc.a(_cmpdi2_s8.o)
 .text.libgcc.builtins
                0x00000000        0x0 c:/program files (x86)/atmel/atmel toolchain/avr8 gcc/native/3.4.1056/avr8-gnu-toolchain/bin/../lib/gcc/avr/4.8.1/avr25\libgcc.a(_cmpdi2_s8.o)
 .text.libgcc.fmul
                0x00000000        0x0 c:/program files (x86)/atmel/atmel toolchain/avr8 gcc/native/3.4.1056/avr8-gnu-toolchain/bin/../lib/gcc/avr/4.8.1/avr25\libgcc.a(_cmpdi2_s8.o)
 .text.libgcc.fixed
                0x00000000        0x0 c:/program files (x86)/atmel/atmel toolchain/avr8 gcc/native/3.4.1056/avr8-gnu-toolchain/bin/../lib/gcc/avr/4.8.1/avr25\libgcc.a(_cmpdi2_s8.o)
 .text          0x00000000        0x0 c:/program files (x86)/atmel/atmel toolchain/avr8 gcc/native/3.4.1056/avr8-gnu-toolchain/bin/../lib/gcc/avr/4.8.1/../../../../avr/lib/avr25\libc.a(eerd_byte_attiny84a.o)
 .bss           0x00000000        0x0 c:/program files (x86)/atmel/atmel toolchain/avr8 gcc/native/3.4.1056/avr8-gnu-toolchain/bin/../lib/gcc/avr/4.8.1/../../../../avr/lib/avr25\libc.a(eerd_byte_attiny84a.o)
 .text          0x00000000        0x0 c:/program files (x86)/atmel/atmel toolchain/avr8 gcc/native/3.4.1056/avr8-gnu-toolchain/bin/../lib/gcc/avr/4.8.1/../../../../avr/lib/avr25\libc.a(eewr_byte_attiny84a.o)
 .bss           0x00000000        0x0 c:/program files (x86)/atmel/atmel toolchain/avr8 gcc/native/3.4.1056/avr8-gnu-toolchain/bin/../lib/gcc/avr/4.8.1/../../../../avr/lib/avr25\libc.a(eewr_byte_attiny84a.o)

Memory Configuration

Name             Origin             Length             Attributes
text             0x00000000         0x00002000         xr
data             0x00800060         0x0000ffa0         rw !x
eeprom           0x00810000         0x00010000         rw !x
fuse             0x00820000         0x00000400         rw !x
lock             0x00830000         0x00000400         rw !x
signature        0x00840000         0x00000400         rw !x
user_signatures  0x00850000         0x00000400         rw !x
*default*        0x00000000         0xffffffff

Linker script and memory map

LOAD c:/program files (x86)/atmel/atmel toolchain/avr8 gcc/native/3.4.1056/avr8-gnu-toolchain/bin/../lib/gcc/avr/4.8.1/../../../../avr/lib/avr25/crttn84.o
LOAD m90e26.o
LOAD main.o
LOAD millis.o
LOAD one_wire.o
LOAD osc_calibration.o
LOAD SoftwareSerial.o
LOAD tiny_modbus_rtu_slave.o
START GROUP
LOAD c:/program files (x86)/atmel/atmel toolchain/avr8 gcc/native/3.4.1056/avr8-gnu-toolchain/bin/../lib/gcc/avr/4.8.1/../../../../avr/lib/avr25\libm.a
END GROUP
START GROUP
LOAD c:/program files (x86)/atmel/atmel toolchain/avr8 gcc/native/3.4.1056/avr8-gnu-toolchain/bin/../lib/gcc/avr/4.8.1/avr25\libgcc.a
LOAD c:/program files (x86)/atmel/atmel toolchain/avr8 gcc/native/3.4.1056/avr8-gnu-toolchain/bin/../lib/gcc/avr/4.8.1/../../../../avr/lib/avr25\libm.a
LOAD c:/program files (x86)/atmel/atmel toolchain/avr8 gcc/native/3.4.1056/avr8-gnu-toolchain/bin/../lib/gcc/avr/4.8.1/../../../../avr/lib/avr25\libc.a
END GROUP

.hash
 *(.hash)

.dynsym
 *(.dynsym)

.dynstr
 *(.dynstr)

.gnu.version
 *(.gnu.version)

.gnu.version_d
 *(.gnu.version_d)

.gnu.version_r
 *(.gnu.version_r)

.rel.init
 *(.rel.init)

.rela.init
 *(.rela.init)

.rel.text
 *(.rel.text)
 *(.rel.text.*)
 *(.rel.gnu.linkonce.t*)

.rela.text
 *(.rela.text)
 *(.rela.text.*)
 *(.rela.gnu.linkonce.t*)

.rel.fini
 *(.rel.fini)

.rela.fini
 *(.rela.fini)

.rel.rodata
 *(.rel.rodata)
 *(.rel.rodata.*)
 *(.rel.gnu.linkonce.r*)

.rela.rodata
 *(.rela.rodata)
 *(.rela.rodata.*)
 *(.rela.gnu.linkonce.r*)

.rel.data
 *(.rel.data)
 *(.rel.data.*)
 *(.rel.gnu.linkonce.d*)

.rela.data
 *(.rela.data)
 *(.rela.data.*)
 *(.rela.gnu.linkonce.d*)

.rel.ctors
 *(.rel.ctors)

.rela.ctors
 *(.rela.ctors)

.rel.dtors
 *(.rel.dtors)

.rela.dtors
 *(.rela.dtors)

.rel.got
 *(.rel.got)

.rela.got
 *(.rela.got)

.rel.bss
 *(.rel.bss)

.rela.bss
 *(.rela.bss)

.rel.plt
 *(.rel.plt)

.rela.plt
 *(.rela.plt)

.text           0x00000000     0x1342
 *(.vectors)
 .vectors       0x00000000       0x22 c:/program files (x86)/atmel/atmel toolchain/avr8 gcc/native/3.4.1056/avr8-gnu-toolchain/bin/../lib/gcc/avr/4.8.1/../../../../avr/lib/avr25/crttn84.o
                0x00000000                __vector_default
                0x00000000                __vectors
 *(.vectors)
 *(.progmem.gcc*)
                0x00000022                . = ALIGN (0x2)
                0x00000022                __trampolines_start = .
 *(.trampolines)
 .trampolines   0x00000022        0x0 linker stubs
 *(.trampolines*)
                0x00000022                __trampolines_end = .
 *(.progmem*)
 .progmem.data.table
                0x00000022       0x9c SoftwareSerial.o
                0x000000be                . = ALIGN (0x2)
 *(.jumptables)
 *(.jumptables*)
 *(.lowtext)
 *(.lowtext*)
                0x000000be                __ctors_start = .
 *(.ctors)
                0x000000be                __ctors_end = .
                0x000000be                __dtors_start = .
 *(.dtors)
                0x000000be                __dtors_end = .
 SORT(*)(.ctors)
 SORT(*)(.dtors)
 *(.init0)
 .init0         0x000000be        0x0 c:/program files (x86)/atmel/atmel toolchain/avr8 gcc/native/3.4.1056/avr8-gnu-toolchain/bin/../lib/gcc/avr/4.8.1/../../../../avr/lib/avr25/crttn84.o
                0x000000be                __init
 *(.init0)
 *(.init1)
 *(.init1)
 *(.init2)
 .init2         0x000000be        0xc c:/program files (x86)/atmel/atmel toolchain/avr8 gcc/native/3.4.1056/avr8-gnu-toolchain/bin/../lib/gcc/avr/4.8.1/../../../../avr/lib/avr25/crttn84.o
 *(.init2)
 *(.init3)
 *(.init3)
 *(.init4)
 .init4         0x000000ca       0x16 c:/program files (x86)/atmel/atmel toolchain/avr8 gcc/native/3.4.1056/avr8-gnu-toolchain/bin/../lib/gcc/avr/4.8.1/avr25\libgcc.a(_copy_data.o)
                0x000000ca                __do_copy_data
 .init4         0x000000e0       0x10 c:/program files (x86)/atmel/atmel toolchain/avr8 gcc/native/3.4.1056/avr8-gnu-toolchain/bin/../lib/gcc/avr/4.8.1/avr25\libgcc.a(_clear_bss.o)
                0x000000e0                __do_clear_bss
 *(.init4)
 *(.init5)
 *(.init5)
 *(.init6)
 *(.init6)
 *(.init7)
 *(.init7)
 *(.init8)
 *(.init8)
 *(.init9)
 .init9         0x000000f0        0x4 c:/program files (x86)/atmel/atmel toolchain/avr8 gcc/native/3.4.1056/avr8-gnu-toolchain/bin/../lib/gcc/avr/4.8.1/../../../../avr/lib/avr25/crttn84.o
 *(.init9)
 *(.text)
 .text          0x000000f4        0x2 c:/program files (x86)/atmel/atmel toolchain/avr8 gcc/native/3.4.1056/avr8-gnu-toolchain/bin/../lib/gcc/avr/4.8.1/../../../../avr/lib/avr25/crttn84.o
                0x000000f4                __vector_1
                0x000000f4                __vector_12
                0x000000f4                __bad_interrupt
                0x000000f4                __vector_6
                0x000000f4                __vector_3
                0x000000f4                __vector_13
                0x000000f4                __vector_7
                0x000000f4                __vector_5
                0x000000f4                __vector_4
                0x000000f4                __vector_9
                0x000000f4                __vector_15
                0x000000f4                __vector_8
                0x000000f4                __vector_14
                0x000000f4                __vector_10
                0x000000f4                __vector_16
                0x000000f6                . = ALIGN (0x2)
 *(.text.*)
 .text.m90e26_init
                0x000000f6       0x12 m90e26.o
                0x000000f6                m90e26_init
 .text.m90e26_calculate_chksum
                0x00000108       0x20 m90e26.o
                0x00000108                m90e26_calculate_chksum
 .text.m90e26_send_packet
                0x00000128       0x38 m90e26.o
                0x00000128                m90e26_send_packet
 .text.m90e26_write_reg
                0x00000160       0xf6 m90e26.o
                0x00000160                m90e26_write_reg
 .text.m90e26_read_reg
                0x00000256      0x138 m90e26.o
                0x00000256                m90e26_read_reg
 .text.led_set  0x0000038e        0xc main.o
                0x0000038e                led_set
 .text.led_toggle
                0x0000039a        0xa main.o
                0x0000039a                led_toggle
 .text.update_relay_r1
                0x000003a4       0x16 main.o
                0x000003a4                update_relay_r1
 .text.update_relay_r2
                0x000003ba       0x16 main.o
                0x000003ba                update_relay_r2
 .text.write_reg
                0x000003d0       0x26 main.o
                0x000003d0                write_reg
 .text.get_temperature_sensor
                0x000003f6       0x2c main.o
                0x000003f6                get_temperature_sensor
 .text.read_reg
                0x00000422       0xce main.o
                0x00000422                read_reg
 .text.relay_init
                0x000004f0       0x12 main.o
                0x000004f0                relay_init
 .text.main     0x00000502      0x286 main.o
                0x00000502                main
 .text.__vector_11
                0x00000788       0x7c millis.o
                0x00000788                __vector_11
 .text.millis_setup
                0x00000804       0x14 millis.o
                0x00000804                millis_setup
 .text.millis_end
                0x00000818        0xe millis.o
                0x00000818                millis_end
 .text.millis   0x00000826       0x28 millis.o
                0x00000826                millis
 .text.DS18B20_init
                0x0000084e       0x32 one_wire.o
                0x0000084e                DS18B20_init
 .text.DS18B20_read
                0x00000880       0x2c one_wire.o
                0x00000880                DS18B20_read
 .text.DS18B20_write
                0x000008ac       0x30 one_wire.o
                0x000008ac                DS18B20_write
 .text.DS18B20_get
                0x000008dc       0x84 one_wire.o
                0x000008dc                DS18B20_get
 .text.update_osccal_from_eeprom
                0x00000960       0x4e osc_calibration.o
                0x00000960                update_osccal_from_eeprom
 .text.write_from_osccal_to_eeprom
                0x000009ae        0xa osc_calibration.o
                0x000009ae                write_from_osccal_to_eeprom
 .text.perform_calibration
                0x000009b8       0x98 osc_calibration.o
                0x000009b8                perform_calibration
 .text.handler  0x00000a50      0x134 SoftwareSerial.o
                0x00000a50                handler
 .text.__vector_2
                0x00000b84       0xf6 SoftwareSerial.o
                0x00000b84                __vector_2
 .text.softSerialBegin
                0x00000c7a      0x1c4 SoftwareSerial.o
                0x00000c7a                softSerialBegin
 .text.softSerialEnd
                0x00000e3e        0x4 SoftwareSerial.o
                0x00000e3e                softSerialEnd
 .text.softSerialRead
                0x00000e42       0x28 SoftwareSerial.o
                0x00000e42                softSerialRead
 .text.softSerialAvailable
                0x00000e6a       0x14 SoftwareSerial.o
                0x00000e6a                softSerialAvailable
 .text.softSerialWrite
                0x00000e7e      0x11c SoftwareSerial.o
                0x00000e7e                softSerialWrite
 .text.modbus_init
                0x00000f9a        0xe tiny_modbus_rtu_slave.o
                0x00000f9a                modbus_init
 .text.calculateCRC
                0x00000fa8       0x4c tiny_modbus_rtu_slave.o
                0x00000fa8                calculateCRC
 .text.sendPacket
                0x00000ff4       0x4a tiny_modbus_rtu_slave.o
                0x00000ff4                sendPacket
 .text.exceptionResponse
                0x0000103e       0x5a tiny_modbus_rtu_slave.o
                0x0000103e                exceptionResponse
 .text.testAddress
                0x00001098       0x3c tiny_modbus_rtu_slave.o
                0x00001098                testAddress
 .text.pull_port
                0x000010d4      0x1fc tiny_modbus_rtu_slave.o
                0x000010d4                pull_port
 .text.libgcc   0x000012d0       0x18 c:/program files (x86)/atmel/atmel toolchain/avr8 gcc/native/3.4.1056/avr8-gnu-toolchain/bin/../lib/gcc/avr/4.8.1/avr25\libgcc.a(_adddi3_s8.o)
                0x000012d0                __adddi3_s8
 .text.libgcc   0x000012e8       0x12 c:/program files (x86)/atmel/atmel toolchain/avr8 gcc/native/3.4.1056/avr8-gnu-toolchain/bin/../lib/gcc/avr/4.8.1/avr25\libgcc.a(_subdi3.o)
                0x000012e8                __subdi3
 .text.libgcc   0x000012fa       0x18 c:/program files (x86)/atmel/atmel toolchain/avr8 gcc/native/3.4.1056/avr8-gnu-toolchain/bin/../lib/gcc/avr/4.8.1/avr25\libgcc.a(_cmpdi2_s8.o)
                0x000012fa                __cmpdi2_s8
 .text.avr-libc
                0x00001312       0x10 c:/program files (x86)/atmel/atmel toolchain/avr8 gcc/native/3.4.1056/avr8-gnu-toolchain/bin/../lib/gcc/avr/4.8.1/../../../../avr/lib/avr25\libc.a(eerd_byte_attiny84a.o)
                0x00001312                __eerd_byte_tn84a
 .text.avr-libc
                0x00001322       0x1c c:/program files (x86)/atmel/atmel toolchain/avr8 gcc/native/3.4.1056/avr8-gnu-toolchain/bin/../lib/gcc/avr/4.8.1/../../../../avr/lib/avr25\libc.a(eewr_byte_attiny84a.o)
                0x00001322                __eewr_byte_tn84a
                0x00001324                __eewr_r18_tn84a
                0x0000133e                . = ALIGN (0x2)
 *(.fini9)
 .fini9         0x0000133e        0x0 c:/program files (x86)/atmel/atmel toolchain/avr8 gcc/native/3.4.1056/avr8-gnu-toolchain/bin/../lib/gcc/avr/4.8.1/avr25\libgcc.a(_exit.o)
                0x0000133e                _exit
                0x0000133e                exit
 *(.fini9)
 *(.fini8)
 *(.fini8)
 *(.fini7)
 *(.fini7)
 *(.fini6)
 *(.fini6)
 *(.fini5)
 *(.fini5)
 *(.fini4)
 *(.fini4)
 *(.fini3)
 *(.fini3)
 *(.fini2)
 *(.fini2)
 *(.fini1)
 *(.fini1)
 *(.fini0)
 .fini0         0x0000133e        0x4 c:/program files (x86)/atmel/atmel toolchain/avr8 gcc/native/3.4.1056/avr8-gnu-toolchain/bin/../lib/gcc/avr/4.8.1/avr25\libgcc.a(_exit.o)
 *(.fini0)
                0x00001342                _etext = .

.data           0x00800060        0x0 load address 0x00001342
                0x00800060                PROVIDE (__data_start, .)
 *(.data)
 .data          0x00800060        0x0 c:/program files (x86)/atmel/atmel toolchain/avr8 gcc/native/3.4.1056/avr8-gnu-toolchain/bin/../lib/gcc/avr/4.8.1/../../../../avr/lib/avr25/crttn84.o
 .data          0x00800060        0x0 m90e26.o
 .data          0x00800060        0x0 main.o
 .data          0x00800060        0x0 millis.o
 .data          0x00800060        0x0 one_wire.o
 .data          0x00800060        0x0 osc_calibration.o
 .data          0x00800060        0x0 SoftwareSerial.o
 .data          0x00800060        0x0 tiny_modbus_rtu_slave.o
 .data          0x00800060        0x0 c:/program files (x86)/atmel/atmel toolchain/avr8 gcc/native/3.4.1056/avr8-gnu-toolchain/bin/../lib/gcc/avr/4.8.1/avr25\libgcc.a(_exit.o)
 .data          0x00800060        0x0 c:/program files (x86)/atmel/atmel toolchain/avr8 gcc/native/3.4.1056/avr8-gnu-toolchain/bin/../lib/gcc/avr/4.8.1/avr25\libgcc.a(_copy_data.o)
 .data          0x00800060        0x0 c:/program files (x86)/atmel/atmel toolchain/avr8 gcc/native/3.4.1056/avr8-gnu-toolchain/bin/../lib/gcc/avr/4.8.1/avr25\libgcc.a(_clear_bss.o)
 .data          0x00800060        0x0 c:/program files (x86)/atmel/atmel toolchain/avr8 gcc/native/3.4.1056/avr8-gnu-toolchain/bin/../lib/gcc/avr/4.8.1/avr25\libgcc.a(_adddi3_s8.o)
 .data          0x00800060        0x0 c:/program files (x86)/atmel/atmel toolchain/avr8 gcc/native/3.4.1056/avr8-gnu-toolchain/bin/../lib/gcc/avr/4.8.1/avr25\libgcc.a(_subdi3.o)
 .data          0x00800060        0x0 c:/program files (x86)/atmel/atmel toolchain/avr8 gcc/native/3.4.1056/avr8-gnu-toolchain/bin/../lib/gcc/avr/4.8.1/avr25\libgcc.a(_cmpdi2_s8.o)
 .data          0x00800060        0x0 c:/program files (x86)/atmel/atmel toolchain/avr8 gcc/native/3.4.1056/avr8-gnu-toolchain/bin/../lib/gcc/avr/4.8.1/../../../../avr/lib/avr25\libc.a(eerd_byte_attiny84a.o)
 .data          0x00800060        0x0 c:/program files (x86)/atmel/atmel toolchain/avr8 gcc/native/3.4.1056/avr8-gnu-toolchain/bin/../lib/gcc/avr/4.8.1/../../../../avr/lib/avr25\libc.a(eewr_byte_attiny84a.o)
 *(.data*)
 *(.rodata)
 *(.rodata*)
 *(.gnu.linkonce.d*)
                0x00800060                . = ALIGN (0x2)
                0x00800060                _edata = .
                0x00800060                PROVIDE (__data_end, .)

.bss            0x00800060       0x5d
                0x00800060                PROVIDE (__bss_start, .)
 *(.bss)
 *(.bss*)
 .bss.perform_forced_calibration
                0x00800060        0x1 main.o
                0x00800060                perform_forced_calibration
 .bss.perform_main_loop_exit
                0x00800061        0x1 main.o
                0x00800061                perform_main_loop_exit
 .bss._millis   0x00800062        0x8 millis.o
                0x00800062                _millis
 .bss.overflow  0x0080006a        0x1 tiny_modbus_rtu_slave.o
                0x0080006a                overflow
 .bss.buffer    0x0080006b        0x1 tiny_modbus_rtu_slave.o
                0x0080006b                buffer
 *(COMMON)
 COMMON         0x0080006c       0x1d m90e26.o
                0x0080006c                m90e26_SerialRead
                0x0080006e                m90e26_serial_port
                0x00800070                m90e26_write_errors
                0x00800072                m90e26_SerialWrite
                0x00800074                serial_0
                0x00800076                start_time
                0x0080007e                m90e26_read_errors
                0x00800080                m90e26_frame
                0x00800086                serial_1
                0x00800088                FLAG
 COMMON         0x00800089       0x1a main.o
                0x00800089                modbus_write_reg
                0x0080008b                modbus_read_reg
                0x0080008d                modbus_error_count
                0x0080008e                ds18b20_cfg
                0x00800090                modbus_SerialWrite
                0x00800092                modbus_led
                0x00800094                osc_calibration_serial_port
                0x00800096                relay_r2_reg
                0x00800098                modbus_serial_port
                0x0080009a                osc_calibration_SerialWrite
                0x0080009c                relay_r1_reg
                0x0080009e                slaveID
                0x0080009f                osc_calibration_toggle_led
                0x008000a1                modbus_crc_errors
 COMMON         0x008000a3        0x6 SoftwareSerial.o
                0x008000a3                interruptTime
                0x008000a5                pWidth
                0x008000a7                calibTimeReading
                0x008000a8                calibTimeReady
 COMMON         0x008000a9       0x14 tiny_modbus_rtu_slave.o
                0x008000a9                function
                0x008000aa                broadcastFlag
                0x008000ab                frame
                0x008000bd                PROVIDE (__bss_end, .)
                0x00001342                __data_load_start = LOADADDR (.data)
                0x00001342                __data_load_end = (__data_load_start + SIZEOF (.data))

.noinit         0x008000bd        0x0
                0x008000bd                PROVIDE (__noinit_start, .)
 *(.noinit*)
                0x008000bd                PROVIDE (__noinit_end, .)
                0x008000bd                _end = .
                0x008000bd                PROVIDE (__heap_start, .)

.eeprom         0x00810000        0x0
 *(.eeprom*)
                0x00810000                __eeprom_end = .

.fuse
 *(.fuse)
 *(.lfuse)
 *(.hfuse)
 *(.efuse)

.lock
 *(.lock*)

.signature
 *(.signature*)

.user_signatures
 *(.user_signatures*)

.stab
 *(.stab)

.stabstr
 *(.stabstr)

.stab.excl
 *(.stab.excl)

.stab.exclstr
 *(.stab.exclstr)

.stab.index
 *(.stab.index)

.stab.indexstr
 *(.stab.indexstr)

.comment        0x00000000       0x30
 *(.comment)
 .comment       0x00000000       0x30 m90e26.o
                                 0x31 (size before relaxing)
 .comment       0x00000000       0x31 main.o
 .comment       0x00000000       0x31 millis.o
 .comment       0x00000000       0x31 one_wire.o
 .comment       0x00000000       0x31 osc_calibration.o
 .comment       0x00000000       0x31 SoftwareSerial.o
 .comment       0x00000000       0x31 tiny_modbus_rtu_slave.o

.note.gnu.build-id
 *(.note.gnu.build-id)

.debug
 *(.debug)

.line
 *(.line)

.debug_srcinfo
 *(.debug_srcinfo)

.debug_sfnames
 *(.debug_sfnames)

.debug_aranges  0x00000000      0x200
 *(.debug_aranges)
 .debug_aranges
                0x00000000       0x40 m90e26.o
 .debug_aranges
                0x00000040       0x60 main.o
 .debug_aranges
                0x000000a0       0x38 millis.o
 .debug_aranges
                0x000000d8       0x38 one_wire.o
 .debug_aranges
                0x00000110       0x30 osc_calibration.o
 .debug_aranges
                0x00000140       0x78 SoftwareSerial.o
 .debug_aranges
                0x000001b8       0x48 tiny_modbus_rtu_slave.o

.debug_pubnames
 *(.debug_pubnames)

.debug_info     0x00000000     0x2954
 *(.debug_info .gnu.linkonce.wi.*)
 .debug_info    0x00000000      0x597 m90e26.o
 .debug_info    0x00000597      0x9f2 main.o
 .debug_info    0x00000f89      0x18c millis.o
 .debug_info    0x00001115      0x4eb one_wire.o
 .debug_info    0x00001600      0x451 osc_calibration.o
 .debug_info    0x00001a51      0x7ac SoftwareSerial.o
 .debug_info    0x000021fd      0x757 tiny_modbus_rtu_slave.o

.debug_abbrev   0x00000000      0xe99
 *(.debug_abbrev)
 .debug_abbrev  0x00000000      0x21f m90e26.o
 .debug_abbrev  0x0000021f      0x2a4 main.o
 .debug_abbrev  0x000004c3      0x12e millis.o
 .debug_abbrev  0x000005f1      0x18f one_wire.o
 .debug_abbrev  0x00000780      0x1fd osc_calibration.o
 .debug_abbrev  0x0000097d      0x2e8 SoftwareSerial.o
 .debug_abbrev  0x00000c65      0x234 tiny_modbus_rtu_slave.o

.debug_line     0x00000000     0x1200
 *(.debug_line .debug_line.* .debug_line_end)
 .debug_line    0x00000000      0x26d m90e26.o
 .debug_line    0x0000026d      0x3c8 main.o
 .debug_line    0x00000635      0x16f millis.o
 .debug_line    0x000007a4      0x1fb one_wire.o
 .debug_line    0x0000099f      0x2d6 osc_calibration.o
 .debug_line    0x00000c75      0x2a6 SoftwareSerial.o
 .debug_line    0x00000f1b      0x2e5 tiny_modbus_rtu_slave.o

.debug_frame    0x00000000      0x520
 *(.debug_frame)
 .debug_frame   0x00000000       0xe8 m90e26.o
 .debug_frame   0x000000e8       0xc4 main.o
 .debug_frame   0x000001ac       0x8c millis.o
 .debug_frame   0x00000238       0x78 one_wire.o
 .debug_frame   0x000002b0       0x64 osc_calibration.o
 .debug_frame   0x00000314      0x144 SoftwareSerial.o
 .debug_frame   0x00000458       0xc8 tiny_modbus_rtu_slave.o

.debug_str      0x00000000      0x8fc
 *(.debug_str)
 .debug_str     0x00000000      0x39e m90e26.o
                                0x3e3 (size before relaxing)
 .debug_str     0x0000039e      0x278 main.o
                                0x5bf (size before relaxing)
 .debug_str     0x00000616       0x4b millis.o
                                0x1b2 (size before relaxing)
 .debug_str     0x00000661       0x5d one_wire.o
                                0x1fe (size before relaxing)
 .debug_str     0x000006be       0x4e osc_calibration.o
                                0x3ad (size before relaxing)
 .debug_str     0x0000070c      0x125 SoftwareSerial.o
                                0x40c (size before relaxing)
 .debug_str     0x00000831       0xcb tiny_modbus_rtu_slave.o
                                0x415 (size before relaxing)

.debug_loc      0x00000000     0x1aa5
 *(.debug_loc)
 .debug_loc     0x00000000      0x3c3 m90e26.o
 .debug_loc     0x000003c3      0x5b4 main.o
 .debug_loc     0x00000977       0xc4 millis.o
 .debug_loc     0x00000a3b      0x27a one_wire.o
 .debug_loc     0x00000cb5      0x289 osc_calibration.o
 .debug_loc     0x00000f3e      0x62a SoftwareSerial.o
 .debug_loc     0x00001568      0x53d tiny_modbus_rtu_slave.o

.debug_macinfo
 *(.debug_macinfo)

.debug_weaknames
 *(.debug_weaknames)

.debug_funcnames
 *(.debug_funcnames)

.debug_typenames
 *(.debug_typenames)

.debug_varnames
 *(.debug_varnames)

.debug_pubtypes
 *(.debug_pubtypes)

.debug_ranges   0x00000000      0x328
 *(.debug_ranges)
 .debug_ranges  0x00000000       0x48 m90e26.o
 .debug_ranges  0x00000048       0x50 main.o
 .debug_ranges  0x00000098       0x28 millis.o
 .debug_ranges  0x000000c0       0x28 one_wire.o
 .debug_ranges  0x000000e8       0x20 osc_calibration.o
 .debug_ranges  0x00000108       0xe8 SoftwareSerial.o
 .debug_ranges  0x000001f0      0x138 tiny_modbus_rtu_slave.o

.debug_macro
 *(.debug_macro)
OUTPUT(modbus_device.elf elf32-avr)
LOAD linker stubs
